Initializing model architecture. Weights will be loaded from checkpoint.
Backbone feature dimension: 1280
Training:   0%|          | 0/75 [00:00<?, ?it/s]
  0%|          | 0/3039 [00:00<?, ?it/s][A/gscratch/stf/lbc800/fashion-app/train_scripts/train_multihead_v2_freeze_ckpt2.py:54: FutureWarning: `torch.cuda.amp.autocast(args...)` is deprecated. Please use `torch.amp.autocast('cuda', args...)` instead.
  with torch.cuda.amp.autocast(dtype=torch.bfloat16):

  0%|          | 1/3039 [00:07<6:39:15,  7.89s/it][A
  0%|          | 2/3039 [00:08<3:03:21,  3.62s/it][A
  0%|          | 3/3039 [00:09<1:54:23,  2.26s/it][A
  0%|          | 4/3039 [00:09<1:21:50,  1.62s/it][A
  0%|          | 5/3039 [00:10<1:04:10,  1.27s/it][A
  0%|          | 6/3039 [00:11<53:24,  1.06s/it]  [A
  0%|          | 7/3039 [00:11<46:34,  1.09it/s][A
  0%|          | 8/3039 [00:12<41:54,  1.21it/s][A
  0%|          | 9/3039 [00:13<39:05,  1.29it/s][A
  0%|          | 10/3039 [00:13<36:59,  1.36it/s][A
  0%|          | 11/3039 [00:14<35:40,  1.41it/s][A
  0%|          | 12/3039 [00:14<34:36,  1.46it/s][A
  0%|          | 13/3039 [00:15<33:53,  1.49it/s][A
  0%|          | 14/3039 [00:16<33:26,  1.51it/s][A
  0%|          | 15/3039 [00:16<33:12,  1.52it/s][A
                                                 [ATraining:   0%|          | 0/75 [00:16<?, ?it/s]
Traceback (most recent call last):
  File "/usr/lib/python3.10/runpy.py", line 196, in _run_module_as_main
    return _run_code(code, main_globals, None,
  File "/usr/lib/python3.10/runpy.py", line 86, in _run_code
    exec(code, run_globals)
  File "/gscratch/stf/lbc800/fashion-app/train_scripts/train_multihead_v2_freeze_ckpt2.py", line 165, in <module>
    torch.save(train_model(model, train_loader, val_loader, optimizer, device, criterion),'Mefficientnet_v2_freeze_ckpt2_large_data.pth')
  File "/gscratch/stf/lbc800/fashion-app/train_scripts/train_multihead_v2_freeze_ckpt2.py", line 46, in train_model
    for images, label_map in tqdm(data_loader, leave = False):
  File "/usr/local/lib/python3.10/dist-packages/tqdm/std.py", line 1181, in __iter__
    for obj in iterable:
  File "/usr/local/lib/python3.10/dist-packages/torch/utils/data/dataloader.py", line 708, in __next__
    data = self._next_data()
  File "/usr/local/lib/python3.10/dist-packages/torch/utils/data/dataloader.py", line 1455, in _next_data
    return self._process_data(data)
  File "/usr/local/lib/python3.10/dist-packages/torch/utils/data/dataloader.py", line 1505, in _process_data
    data.reraise()
  File "/usr/local/lib/python3.10/dist-packages/torch/_utils.py", line 733, in reraise
    raise exception
PIL.UnidentifiedImageError: Caught UnidentifiedImageError in DataLoader worker process 3.
Original Traceback (most recent call last):
  File "/usr/local/lib/python3.10/dist-packages/torch/utils/data/_utils/worker.py", line 349, in _worker_loop
    data = fetcher.fetch(index)  # type: ignore[possibly-undefined]
  File "/usr/local/lib/python3.10/dist-packages/torch/utils/data/_utils/fetch.py", line 52, in fetch
    data = [self.dataset[idx] for idx in possibly_batched_index]
  File "/usr/local/lib/python3.10/dist-packages/torch/utils/data/_utils/fetch.py", line 52, in <listcomp>
    data = [self.dataset[idx] for idx in possibly_batched_index]
  File "/gscratch/stf/lbc800/fashion-app/classes/Multiheaded_dataset.py", line 33, in __getitem__
    image = Image.open(image_path).convert("RGB")
  File "/usr/local/lib/python3.10/dist-packages/PIL/Image.py", line 3572, in open
    raise UnidentifiedImageError(msg)
PIL.UnidentifiedImageError: cannot identify image file 'imat_data/img/327957.jpg'

